Program Version,EnergyPlus, Version 26.1.0-6f2e40d102, YMD=2026.07.25 23:05,
   ************* Beginning Zone Sizing Calculations
   ** Warning ** Weather file location will be used rather than entered (IDF) Location object.
   **   ~~~   ** ..Location object=CHICAGO_IL_USA TMY2-94846
   **   ~~~   ** ..Weather File Location=San Francisco Intl Ap CA USA TMY3 WMO#=724940
   **   ~~~   ** ..due to location differences, Latitude difference=[4.16] degrees, Longitude difference=[34.65] degrees.
   **   ~~~   ** ..Time Zone difference=[2.0] hour(s), Elevation difference=[98.95] percent, [188.00] meters.
   ************* Beginning System Sizing Calculations
   ************* Beginning Plant Sizing Calculations
   ************* Testing Individual Branch Integrity
   ************* All Branches passed integrity testing
   ************* Testing Individual Supply Air Path Integrity
   ************* All Supply Air Paths passed integrity testing
   ************* Testing Individual Return Air Path Integrity
   ************* All Return Air Paths passed integrity testing
   ************* No node connection errors were found.
   ************* Beginning Simulation
   ************* Simulation Error Summary *************
   ************* EnergyPlus Warmup Error Summary. During Warmup: 0 Warning; 0 Severe Errors.
   ************* EnergyPlus Sizing Error Summary. During Sizing: 1 Warning; 0 Severe Errors.
   ************* EnergyPlus Completed Successfully-- 1 Warning; 0 Severe Errors; Elapsed Time=00hr 00min 12.46sec
